{
  "version": "1.5.0",
  "plugins_used": [
    {
      "name": "ArtifactoryDetector"
    },
    {
      "name": "AWSKeyDetector"
    },
    {
      "name": "AzureStorageKeyDetector"
    },
    {
      "name": "Base64HighEntropyString",
      "limit": 4.5
    },
    {
      "name": "BasicAuthDetector"
    },
    {
      "name": "CloudantDetector"
    },
    {
      "name": "DiscordBotTokenDetector"
    },
    {
      "name": "GitHubTokenDetector"
    },
    {
      "name": "GitLabTokenDetector"
    },
    {
      "name": "HexHighEntropyString",
      "limit": 3.0
    },
    {
      "name": "IbmCloudIamDetector"
    },
    {
      "name": "IbmCosHmacDetector"
    },
    {
      "name": "IPPublicDetector"
    },
    {
      "name": "JwtTokenDetector"
    },
    {
      "name": "KeywordDetector",
      "keyword_exclude": ""
    },
    {
      "name": "MailchimpDetector"
    },
    {
      "name": "NpmDetector"
    },
    {
      "name": "OpenAIDetector"
    },
    {
      "name": "PrivateKeyDetector"
    },
    {
      "name": "PypiTokenDetector"
    },
    {
      "name": "SendGridDetector"
    },
    {
      "name": "SlackDetector"
    },
    {
      "name": "SoftlayerDetector"
    },
    {
      "name": "SquareOAuthDetector"
    },
    {
      "name": "StripeDetector"
    },
    {
      "name": "TelegramBotTokenDetector"
    },
    {
      "name": "TwilioKeyDetector"
    }
  ],
  "filters_used": [
    {
      "path": "detect_secrets.filters.allowlist.is_line_allowlisted"
    },
    {
      "path": "detect_secrets.filters.common.is_baseline_file",
      "filename": ".secrets.baseline"
    },
    {
      "path": "detect_secrets.filters.common.is_ignored_due_to_verification_policies",
      "min_level": 2
    },
    {
      "path": "detect_secrets.filters.heuristic.is_indirect_reference"
    },
    {
      "path": "detect_secrets.filters.heuristic.is_likely_id_string"
    },
    {
      "path": "detect_secrets.filters.heuristic.is_lock_file"
    },
    {
      "path": "detect_secrets.filters.heuristic.is_not_alphanumeric_string"
    },
    {
      "path": "detect_secrets.filters.heuristic.is_potential_uuid"
    },
    {
      "path": "detect_secrets.filters.heuristic.is_prefixed_with_dollar_sign"
    },
    {
      "path": "detect_secrets.filters.heuristic.is_sequential_string"
    },
    {
      "path": "detect_secrets.filters.heuristic.is_swagger_file"
    },
    {
      "path": "detect_secrets.filters.heuristic.is_templated_secret"
    },
    {
      "path": "detect_secrets.filters.regex.should_exclude_file",
      "pattern": [
        "src/tests/fixtures/frame_crf_background.txt"
      ]
    }
  ],
  "results": {
    "pipelines/experiments/short_first_cds_reanalysis/audit_summary.json": [
      {
        "type": "Hex High Entropy String",
        "filename": "pipelines/experiments/short_first_cds_reanalysis/audit_summary.json",
        "hashed_secret": "6827933e870deb8b32dac2d39bc832cb5d4065cf",
        "is_verified": false,
        "line_number": 3
      }
    ],
    "pipelines/experiments/short_first_cds_reanalysis/manifest.json": [
      {
        "type": "Hex High Entropy String",
        "filename": "pipelines/experiments/short_first_cds_reanalysis/manifest.json",
        "hashed_secret": "03c0c68552a19c9863113c57f16ef3f594d2ad3b",
        "is_verified": false,
        "line_number": 2
      },
      {
        "type": "Hex High Entropy String",
        "filename": "pipelines/experiments/short_first_cds_reanalysis/manifest.json",
        "hashed_secret": "6827933e870deb8b32dac2d39bc832cb5d4065cf",
        "is_verified": false,
        "line_number": 5
      },
      {
        "type": "Hex High Entropy String",
        "filename": "pipelines/experiments/short_first_cds_reanalysis/manifest.json",
        "hashed_secret": "aa904c99d94f8dbc838d444172e247f308cd7f08",
        "is_verified": false,
        "line_number": 6
      },
      {
        "type": "Hex High Entropy String",
        "filename": "pipelines/experiments/short_first_cds_reanalysis/manifest.json",
        "hashed_secret": "df662e155bf54c34234a084307f5d799250f8aa2",
        "is_verified": false,
        "line_number": 7
      },
      {
        "type": "Hex High Entropy String",
        "filename": "pipelines/experiments/short_first_cds_reanalysis/manifest.json",
        "hashed_secret": "d01346dc24067f3273a886a0fc724c0e69405bb0",
        "is_verified": false,
        "line_number": 8
      }
    ],
    "scripts/train.py": [
      {
        "type": "Base64 High Entropy String",
        "filename": "scripts/train.py",
        "hashed_secret": "9d342ed8e8cb6c6fcf467789447e72659a3ba963",
        "is_verified": false,
        "line_number": 209
      }
    ]
  },
  "generated_at": "2026-09-20T19:45:54Z"
}
